2025-09-10 12:22:28 [[32mINFO[0m] certificate_generator: Certificate Generator started
2025-09-10 12:22:28 [[32mINFO[0m] certificate_generator: === Certificate Generator Status ===
2025-09-10 12:22:28 [[32mINFO[0m] certificate_generator: Certificate files: 1
2025-09-10 12:22:28 [[32mINFO[0m] certificate_generator: Sent files: 0
2025-09-10 12:22:28 [[32mINFO[0m] certificate_generator: Total size: 0.07 MB
2025-09-10 12:22:28 [[32mINFO[0m] certificate_generator: Excel rows: 2
2025-09-10 12:22:28 [[32mINFO[0m] certificate_generator: Valid participants: 2
2025-09-10 12:22:28 [[32mINFO[0m] certificate_generator: Skipped rows: 0
2025-09-10 12:22:28 [[32mINFO[0m] certificate_generator: Certificate template: Certificate of Participation
2025-09-10 12:22:28 [[32mINFO[0m] certificate_generator: Study title: Research Study
2025-09-10 12:22:28 [[32mINFO[0m] certificate_generator: Instructor: Dr. Instructor
2025-09-10 12:22:32 [[32mINFO[0m] certificate_generator: Certificate Generator started
2025-09-10 12:22:32 [[32mINFO[0m] certificate_generator: Starting certificate generation for 5 participants
2025-09-10 12:22:32 [[32mINFO[0m] certificate_generator: Generated certificate for John Smith (john.smith@email.com)
2025-09-10 12:22:32 [[32mINFO[0m] certificate_generator: Generated certificate for Jane Johnson (jane.johnson@email.com)
2025-09-10 12:22:32 [[32mINFO[0m] certificate_generator: Generated certificate for Michael Williams (michael.williams@email.com)
2025-09-10 12:22:32 [[32mINFO[0m] certificate_generator: Generated certificate for Sarah Brown (sarah.brown@email.com)
2025-09-10 12:22:32 [[32mINFO[0m] certificate_generator: Generated certificate for David Davis (david.davis@email.com)
2025-09-10 12:22:32 [[32mINFO[0m] certificate_generator: Certificate generation completed: 5 successful, 0 failed
2025-09-10 12:22:32 [[32mINFO[0m] certificate_generator: Certificate generation completed:
2025-09-10 12:22:32 [[32mINFO[0m] certificate_generator:   - Total participants: 5
2025-09-10 12:22:32 [[32mINFO[0m] certificate_generator:   - Successful: 5
2025-09-10 12:22:32 [[32mINFO[0m] certificate_generator:   - Failed: 0
2025-09-10 12:25:20 [[32mINFO[0m] certificate_generator: Certificate Generator started
2025-09-10 12:25:20 [[32mINFO[0m] certificate_generator: Starting certificate generation for 5 participants
2025-09-10 12:25:20 [[32mINFO[0m] certificate_generator: Generated certificate for John Smith (john.smith@email.com)
2025-09-10 12:25:20 [[32mINFO[0m] certificate_generator: Generated certificate for Jane Johnson (jane.johnson@email.com)
2025-09-10 12:25:20 [[32mINFO[0m] certificate_generator: Generated certificate for Michael Williams (michael.williams@email.com)
2025-09-10 12:25:20 [[32mINFO[0m] certificate_generator: Generated certificate for Sarah Brown (sarah.brown@email.com)
2025-09-10 12:25:20 [[32mINFO[0m] certificate_generator: Generated certificate for David Davis (david.davis@email.com)
2025-09-10 12:25:20 [[32mINFO[0m] certificate_generator: Certificate generation completed: 5 successful, 0 failed
2025-09-10 12:25:20 [[32mINFO[0m] certificate_generator: Certificate generation completed:
2025-09-10 12:25:20 [[32mINFO[0m] certificate_generator:   - Total participants: 5
2025-09-10 12:25:20 [[32mINFO[0m] certificate_generator:   - Successful: 5
2025-09-10 12:25:20 [[32mINFO[0m] certificate_generator:   - Failed: 0
2025-09-10 12:25:23 [[32mINFO[0m] certificate_generator: Certificate Generator started
2025-09-10 12:25:23 [[32mINFO[0m] certificate_generator: === Certificate Generator Status ===
2025-09-10 12:25:23 [[32mINFO[0m] certificate_generator: Certificate files: 6
2025-09-10 12:25:23 [[32mINFO[0m] certificate_generator: Sent files: 0
2025-09-10 12:25:23 [[32mINFO[0m] certificate_generator: Total size: 0.43 MB
2025-09-10 12:25:23 [[32mINFO[0m] certificate_generator: Excel rows: 2
2025-09-10 12:25:23 [[32mINFO[0m] certificate_generator: Valid participants: 2
2025-09-10 12:25:23 [[32mINFO[0m] certificate_generator: Skipped rows: 0
2025-09-10 12:25:23 [[32mINFO[0m] certificate_generator: Certificate template: Certificate of Participation
2025-09-10 12:25:23 [[32mINFO[0m] certificate_generator: Study title: Research Study
2025-09-10 12:25:23 [[32mINFO[0m] certificate_generator: Instructor: Dr. Instructor
